
> neon-vector-defense@1.0.0 test
> npm run test:e2e


> neon-vector-defense@1.0.0 test:e2e
> node ./tests/e2e/run-playwright.mjs

[vite:react-swc] We recommend switching to `@vitejs/plugin-react` for improved performance as no swc plugins are used. More information at https://vite.dev/rolldown

Running 108 tests using 1 worker

(node:14335) Warning: The 'NO_COLOR' env is ignored due to the 'FORCE_COLOR' env being set.
(Use `node --trace-warnings ...` to show where the warning was created)
  ✓    1 [chromium-desktop] › tests/e2e/demo-mode-audit.spec.ts:328:3 › recruiter demo-mode audit › walks the full recruiter journey with no demo gates or broken UI (8.2s)
  ✓    2 [chromium-desktop] › tests/e2e/menu-recommended-pill.spec.ts:42:3 › first-time RECOMMENDED protocol pill › pill sits on its own row and never collides with the protocol name (1.1s)
  -    3 [chromium-desktop] › tests/e2e/production-build.spec.ts:19:3 › production bundle › emits a build tag and shows no stale toast on a fresh bundle
  -    4 [chromium-desktop] › tests/e2e/production-build.spec.ts:41:3 › production bundle › boots the built app and registers the service worker
  -    5 [chromium-desktop] › tests/e2e/production-build.spec.ts:52:3 › production bundle › ?run= deep links navigate through the service worker without network errors
  ✓    6 [chromium-desktop] › tests/e2e/qa-regression.spec.ts:347:3 › QA regression real-flow audit › submits a real v7 run bundle and opens the frame-accurate replay viewer (4.9s)
  ✓    7 [chromium-desktop] › tests/e2e/qa-regression.spec.ts:444:3 › QA regression real-flow audit › debrief retry and menu actions recover from terminal runs (1.3s)
  ✓    8 [chromium-desktop] › tests/e2e/qa-regression.spec.ts:479:3 › QA regression real-flow audit › Replay-of-the-Day handles a dead pinned replay without blanking the menu (2.4s)
  ✓    9 [chromium-desktop] › tests/e2e/qa-regression.spec.ts:508:3 › QA regression real-flow audit › submits a weekly mutation run through mocked callables (1.1s)
8:33:58 PM [vite] (client) [console.warn] [2026-09-05T01:33:58.607Z]  @firebase/firestore: Firestore (12.15.0): WebChannelConnection RPC 'Listen' stream 0x8404cd95 transport errored. Name: undefined Message: undefined
8:33:58 PM [vite] (client) [console.error] [2026-09-05T01:33:58.609Z]  @firebase/firestore: Firestore (12.15.0): Could not reach Cloud Firestore backend. Connection failed 1 times. Most recent error: FirebaseError: [code=unavailable]: The operation could not be completed
This typically indicates that your device does not have a healthy Internet connection at the moment. The client will operate in offline mode until it is able to successfully connect to the backend.
8:33:59 PM [vite] (client) [console.warn] [2026-09-05T01:33:59.060Z]  @firebase/firestore: Firestore (12.15.0): WebChannelConnection RPC 'Listen' stream 0x6bb024c4 transport errored. Name: undefined Message: undefined
8:33:59 PM [vite] (client) [console.error] [2026-09-05T01:33:59.060Z]  @firebase/firestore: Firestore (12.15.0): Could not reach Cloud Firestore backend. Connection failed 1 times. Most recent error: FirebaseError: [code=unavailable]: The operation could not be completed
This typically indicates that your device does not have a healthy Internet connection at the moment. The client will operate in offline mode until it is able to successfully connect to the backend.
8:33:59 PM [vite] (client) [console.warn] [2026-09-05T01:33:59.088Z]  @firebase/firestore: Firestore (12.15.0): WebChannelConnection RPC 'Listen' stream 0x6bb024c5 transport errored. Name: undefined Message: undefined
8:34:00 PM [vite] (client) [console.warn] [2026-09-05T01:34:00.030Z]  @firebase/firestore: Firestore (12.15.0): WebChannelConnection RPC 'Listen' stream 0x6bb024c6 transport errored. Name: undefined Message: undefined
8:34:00 PM [vite] (client) [console.warn] [2026-09-05T01:34:00.515Z]  @firebase/firestore: Firestore (12.15.0): WebChannelConnection RPC 'Listen' stream 0x592aa79f transport errored. Name: undefined Message: undefined
8:34:00 PM [vite] (client) [console.error] [2026-09-05T01:34:00.515Z]  @firebase/firestore: Firestore (12.15.0): Could not reach Cloud Firestore backend. Connection failed 1 times. Most recent error: FirebaseError: [code=unavailable]: The operation could not be completed
This typically indicates that your device does not have a healthy Internet connection at the moment. The client will operate in offline mode until it is able to successfully connect to the backend.
8:34:00 PM [vite] (client) [console.warn] [2026-09-05T01:34:00.562Z]  @firebase/firestore: Firestore (12.15.0): WebChannelConnection RPC 'Listen' stream 0x592aa7a0 transport errored. Name: undefined Message: undefined
8:34:01 PM [vite] (client) [console.warn] [2026-09-05T01:34:01.277Z]  @firebase/firestore: Firestore (12.15.0): WebChannelConnection RPC 'Listen' stream 0x4d556ff0 transport errored. Name: undefined Message: undefined
8:34:01 PM [vite] (client) [console.error] [2026-09-05T01:34:01.277Z]  @firebase/firestore: Firestore (12.15.0): Could not reach Cloud Firestore backend. Connection failed 1 times. Most recent error: FirebaseError: [code=unavailable]: The operation could not be completed
This typically indicates that your device does not have a healthy Internet connection at the moment. The client will operate in offline mode until it is able to successfully connect to the backend.
8:34:01 PM [vite] (client) [console.warn] [2026-09-05T01:34:01.323Z]  @firebase/firestore: Firestore (12.15.0): WebChannelConnection RPC 'Listen' stream 0x4d556ff1 transport errored. Name: undefined Message: undefined
8:34:02 PM [vite] (client) [console.warn] [2026-09-05T01:34:02.240Z]  @firebase/firestore: Firestore (12.15.0): WebChannelConnection RPC 'Listen' stream 0x5c33b849 transport errored. Name: undefined Message: undefined
8:34:02 PM [vite] (client) [console.error] [2026-09-05T01:34:02.240Z]  @firebase/firestore: Firestore (12.15.0): Could not reach Cloud Firestore backend. Connection failed 1 times. Most recent error: FirebaseError: [code=unavailable]: The operation could not be completed
This typically indicates that your device does not have a healthy Internet connection at the moment. The client will operate in offline mode until it is able to successfully connect to the backend.
8:34:02 PM [vite] (client) [console.warn] [2026-09-05T01:34:02.260Z]  @firebase/firestore: Firestore (12.15.0): WebChannelConnection RPC 'Listen' stream 0x5c33b84a transport errored. Name: undefined Message: undefined
8:34:03 PM [vite] (client) [console.warn] [2026-09-05T01:34:03.075Z]  @firebase/firestore: Firestore (12.15.0): WebChannelConnection RPC 'Listen' stream 0x5936dde9 transport errored. Name: undefined Message: undefined
8:34:03 PM [vite] (client) [console.error] [2026-09-05T01:34:03.076Z]  @firebase/firestore: Firestore (12.15.0): Could not reach Cloud Firestore backend. Connection failed 1 times. Most recent error: FirebaseError: [code=unavailable]: The operation could not be completed
This typically indicates that your device does not have a healthy Internet connection at the moment. The client will operate in offline mode until it is able to successfully connect to the backend.
8:34:03 PM [vite] (client) [console.warn] [2026-09-05T01:34:03.104Z]  @firebase/firestore: Firestore (12.15.0): WebChannelConnection RPC 'Listen' stream 0x5936ddea transport errored. Name: undefined Message: undefined
8:34:04 PM [vite] (client) [console.warn] [2026-09-05T01:34:04.654Z]  @firebase/firestore: Firestore (12.15.0): WebChannelConnection RPC 'Listen' stream 0x32750c4b transport errored. Name: undefined Message: undefined
8:34:04 PM [vite] (client) [console.error] [2026-09-05T01:34:04.655Z]  @firebase/firestore: Firestore (12.15.0): Could not reach Cloud Firestore backend. Connection failed 1 times. Most recent error: FirebaseError: [code=unavailable]: The operation could not be completed
This typically indicates that your device does not have a healthy Internet connection at the moment. The client will operate in offline mode until it is able to successfully connect to the backend.
8:34:05 PM [vite] (client) [console.warn] [2026-09-05T01:34:05.788Z]  @firebase/firestore: Firestore (12.15.0): WebChannelConnection RPC 'Listen' stream 0x1f3edefb transport errored. Name: undefined Message: undefined
8:34:05 PM [vite] (client) [console.error] [2026-09-05T01:34:05.788Z]  @firebase/firestore: Firestore (12.15.0): Could not reach Cloud Firestore backend. Connection failed 1 times. Most recent error: FirebaseError: [code=unavailable]: The operation could not be completed
This typically indicates that your device does not have a healthy Internet connection at the moment. The client will operate in offline mode until it is able to successfully connect to the backend.
8:34:06 PM [vite] (client) [console.warn] [2026-09-05T01:34:06.981Z]  @firebase/firestore: Firestore (12.15.0): WebChannelConnection RPC 'Listen' stream 0x73ea7525 transport errored. Name: undefined Message: undefined
8:34:06 PM [vite] (client) [console.error] [2026-09-05T01:34:06.981Z]  @firebase/firestore: Firestore (12.15.0): Could not reach Cloud Firestore backend. Connection failed 1 times. Most recent error: FirebaseError: [code=unavailable]: The operation could not be completed
This typically indicates that your device does not have a healthy Internet connection at the moment. The client will operate in offline mode until it is able to successfully connect to the backend.
8:34:06 PM [vite] (client) [console.warn] [2026-09-05T01:34:06.995Z]  @firebase/firestore: Firestore (12.15.0): WebChannelConnection RPC 'Listen' stream 0x73ea7526 transport errored. Name: undefined Message: undefined
8:34:08 PM [vite] (client) [console.warn] [2026-09-05T01:34:08.477Z]  @firebase/firestore: Firestore (12.15.0): WebChannelConnection RPC 'Listen' stream 0x4a1cd471 transport errored. Name: undefined Message: undefined
8:34:08 PM [vite] (client) [console.error] [2026-09-05T01:34:08.478Z]  @firebase/firestore: Firestore (12.15.0): Could not reach Cloud Firestore backend. Connection failed 1 times. Most recent error: FirebaseError: [code=unavailable]: The operation could not be completed
This typically indicates that your device does not have a healthy Internet connection at the moment. The client will operate in offline mode until it is able to successfully connect to the backend.
8:34:08 PM [vite] (client) [console.warn] [2026-09-05T01:34:08.512Z]  @firebase/firestore: Firestore (12.15.0): WebChannelConnection RPC 'Listen' stream 0x4a1cd472 transport errored. Name: undefined Message: undefined
8:34:09 PM [vite] (client) [console.warn] [2026-09-05T01:34:09.753Z]  @firebase/firestore: Firestore (12.15.0): WebChannelConnection RPC 'Listen' stream 0x8661563e transport errored. Name: undefined Message: undefined
8:34:09 PM [vite] (client) [console.error] [2026-09-05T01:34:09.754Z]  @firebase/firestore: Firestore (12.15.0): Could not reach Cloud Firestore backend. Connection failed 1 times. Most recent error: FirebaseError: [code=unavailable]: The operation could not be completed
This typically indicates that your device does not have a healthy Internet connection at the moment. The client will operate in offline mode until it is able to successfully connect to the backend.
8:34:09 PM [vite] (client) [console.warn] [2026-09-05T01:34:09.995Z]  @firebase/firestore: Firestore (12.15.0): WebChannelConnection RPC 'Listen' stream 0x8661563f transport errored. Name: undefined Message: undefined
8:34:09 PM [vite] (client) [console.warn] Run replay fetch failed FirebaseError: Failed to get document because the client is offline.
8:34:09 PM [vite] (client) [console.warn] Run replay fetch failed FirebaseError: Failed to get document because the client is offline.
  ✓   10 [chromium-desktop] › tests/e2e/qa-screens.spec.ts:206:3 › QA audit screen screenshots › captures the automated screen inventory into test-results/qa (12.6s)
8:34:11 PM [vite] (client) [console.warn] [2026-09-05T01:34:11.211Z]  @firebase/firestore: Firestore (12.15.0): WebChannelConnection RPC 'Listen' stream 0x64c29f46 transport errored. Name: undefined Message: undefined
8:34:11 PM [vite] (client) [console.error] [2026-09-05T01:34:11.212Z]  @firebase/firestore: Firestore (12.15.0): Could not reach Cloud Firestore backend. Connection failed 1 times. Most recent error: FirebaseError: [code=unavailable]: The operation could not be completed
This typically indicates that your device does not have a healthy Internet connection at the moment. The client will operate in offline mode until it is able to successfully connect to the backend.
8:34:11 PM [vite] (client) [console.warn] [2026-09-05T01:34:11.230Z]  @firebase/firestore: Firestore (12.15.0): WebChannelConnection RPC 'Listen' stream 0x64c29f47 transport errored. Name: undefined Message: undefined
  ✓   11 [chromium-desktop] › tests/e2e/qa-screens.spec.ts:345:3 › QA audit screen screenshots › captures the required short-landscape game layout into test-results/qa (811ms)
8:34:12 PM [vite] (client) [console.warn] [2026-09-05T01:34:12.056Z]  @firebase/firestore: Firestore (12.15.0): WebChannelConnection RPC 'Listen' stream 0x3b447dee transport errored. Name: undefined Message: undefined
8:34:12 PM [vite] (client) [console.error] [2026-09-05T01:34:12.057Z]  @firebase/firestore: Firestore (12.15.0): Could not reach Cloud Firestore backend. Connection failed 1 times. Most recent error: FirebaseError: [code=unavailable]: The operation could not be completed
This typically indicates that your device does not have a healthy Internet connection at the moment. The client will operate in offline mode until it is able to successfully connect to the backend.
8:34:12 PM [vite] (client) [console.warn] [2026-09-05T01:34:12.095Z]  @firebase/firestore: Firestore (12.15.0): WebChannelConnection RPC 'Listen' stream 0x3b447def transport errored. Name: undefined Message: undefined
8:34:13 PM [vite] (client) [console.warn] [2026-09-05T01:34:13.336Z]  @firebase/firestore: Firestore (12.15.0): WebChannelConnection RPC 'Listen' stream 0x665b17bb transport errored. Name: undefined Message: undefined
8:34:13 PM [vite] (client) [console.error] [2026-09-05T01:34:13.337Z]  @firebase/firestore: Firestore (12.15.0): Could not reach Cloud Firestore backend. Connection failed 1 times. Most recent error: FirebaseError: [code=unavailable]: The operation could not be completed
This typically indicates that your device does not have a healthy Internet connection at the moment. The client will operate in offline mode until it is able to successfully connect to the backend.
8:34:13 PM [vite] (client) [console.warn] [2026-09-05T01:34:13.354Z]  @firebase/firestore: Firestore (12.15.0): WebChannelConnection RPC 'Listen' stream 0x665b17bc transport errored. Name: undefined Message: undefined
8:34:14 PM [vite] (client) [console.warn] [2026-09-05T01:34:14.381Z]  @firebase/firestore: Firestore (12.15.0): WebChannelConnection RPC 'Listen' stream 0x5cf7ae57 transport errored. Name: undefined Message: undefined
8:34:14 PM [vite] (client) [console.error] [2026-09-05T01:34:14.381Z]  @firebase/firestore: Firestore (12.15.0): Could not reach Cloud Firestore backend. Connection failed 1 times. Most recent error: FirebaseError: [code=unavailable]: The operation could not be completed
This typically indicates that your device does not have a healthy Internet connection at the moment. The client will operate in offline mode until it is able to successfully connect to the backend.
8:34:14 PM [vite] (client) [console.warn] [2026-09-05T01:34:14.399Z]  @firebase/firestore: Firestore (12.15.0): WebChannelConnection RPC 'Listen' stream 0x5cf7ae58 transport errored. Name: undefined Message: undefined
  ✓   12 [chromium-desktop] › tests/e2e/qa-screens.spec.ts:363:3 › QA audit screen screenshots › captures menu polish viewports into test-results/qa (3.3s)
8:34:15 PM [vite] (client) [console.warn] [2026-09-05T01:34:15.406Z]  @firebase/firestore: Firestore (12.15.0): WebChannelConnection RPC 'Listen' stream 0x5c39ca1b transport errored. Name: undefined Message: undefined
8:34:15 PM [vite] (client) [console.error] [2026-09-05T01:34:15.408Z]  @firebase/firestore: Firestore (12.15.0): Could not reach Cloud Firestore backend. Connection failed 1 times. Most recent error: FirebaseError: [code=unavailable]: The operation could not be completed
This typically indicates that your device does not have a healthy Internet connection at the moment. The client will operate in offline mode until it is able to successfully connect to the backend.
8:34:15 PM [vite] (client) [console.warn] [2026-09-05T01:34:15.439Z]  @firebase/firestore: Firestore (12.15.0): WebChannelConnection RPC 'Listen' stream 0x5c39ca1c transport errored. Name: undefined Message: undefined
8:34:20 PM [vite] (client) [console.warn] [2026-09-05T01:34:20.592Z]  @firebase/firestore: Firestore (12.15.0): WebChannelConnection RPC 'Listen' stream 0x5c39ca1d transport errored. Name: undefined Message: undefined
8:34:21 PM [vite] (client) [console.warn] [2026-09-05T01:34:21.113Z]  @firebase/firestore: Firestore (12.15.0): WebChannelConnection RPC 'Listen' stream 0x5c39ca1e transport errored. Name: undefined Message: undefined
  ✓   13 [chromium-desktop] › tests/e2e/ui-stability.spec.ts:174:3 › UI stability guardrails › keeps menu, claim, equip, feedback, and leaderboard transitions stable (7.7s)
8:34:23 PM [vite] (client) [console.warn] [2026-09-05T01:34:23.038Z]  @firebase/firestore: Firestore (12.15.0): WebChannelConnection RPC 'Listen' stream 0x73c3acbf transport errored. Name: undefined Message: undefined
8:34:23 PM [vite] (client) [console.error] [2026-09-05T01:34:23.039Z]  @firebase/firestore: Firestore (12.15.0): Could not reach Cloud Firestore backend. Connection failed 1 times. Most recent error: FirebaseError: [code=unavailable]: The operation could not be completed
This typically indicates that your device does not have a healthy Internet connection at the moment. The client will operate in offline mode until it is able to successfully connect to the backend.
8:34:23 PM [vite] (client) [console.warn] [2026-09-05T01:34:23.066Z]  @firebase/firestore: Firestore (12.15.0): WebChannelConnection RPC 'Listen' stream 0x73c3acc0 transport errored. Name: undefined Message: undefined
  ✓   14 [chromium-desktop] › tests/e2e/ui-stability.spec.ts:267:3 › UI stability guardrails › keeps in-run advisory and build overlays from moving the command layout (1.7s)
  ✓   15 [chromium-desktop] › tests/e2e/ux-ui.spec.ts:508:3 › admin analytics model › catalog covers every private analytics domain (2ms)
  ✓   16 [chromium-desktop] › tests/e2e/ux-ui.spec.ts:515:3 › admin analytics model › filters, aggregates, records, insights, and csv exports are stable (4ms)
8:34:24 PM [vite] (client) [console.warn] [2026-09-05T01:34:24.734Z]  @firebase/firestore: Firestore (12.15.0): WebChannelConnection RPC 'Listen' stream 0x5a3c4d85 transport errored. Name: undefined Message: undefined
8:34:24 PM [vite] (client) [console.error] [2026-09-05T01:34:24.735Z]  @firebase/firestore: Firestore (12.15.0): Could not reach Cloud Firestore backend. Connection failed 1 times. Most recent error: FirebaseError: [code=unavailable]: The operation could not be completed
This typically indicates that your device does not have a healthy Internet connection at the moment. The client will operate in offline mode until it is able to successfully connect to the backend.
8:34:24 PM [vite] (client) [console.warn] [2026-09-05T01:34:24.861Z]  @firebase/firestore: Firestore (12.15.0): WebChannelConnection RPC 'Listen' stream 0x86d008b1 transport errored. Name: undefined Message: undefined
8:34:24 PM [vite] (client) [console.error] [2026-09-05T01:34:24.862Z]  @firebase/firestore: Firestore (12.15.0): Could not reach Cloud Firestore backend. Connection failed 1 times. Most recent error: FirebaseError: [code=unavailable]: The operation could not be completed
This typically indicates that your device does not have a healthy Internet connection at the moment. The client will operate in offline mode until it is able to successfully connect to the backend.
  ✓   17 [chromium-desktop] › tests/e2e/ux-ui.spec.ts:562:3 › desktop UX layout › menu header wraps without scrollbars and keeps utility icons readable at desktop widths (574ms)
  ✓   18 [chromium-desktop] › tests/e2e/ux-ui.spec.ts:577:3 › desktop UX layout › sector atlas keeps reachable nodes, dock, and utility buttons stable (475ms)
  ✓   19 [chromium-desktop] › tests/e2e/ux-ui.spec.ts:611:3 › desktop UX layout › sector atlas selection, keyboard path, weekly beacon, locks, and deploy launch work (1.5s)
  ✓   20 [chromium-desktop] › tests/e2e/ux-ui.spec.ts:646:3 › desktop UX layout › locked atlas node shows unlock copy and does not select (523ms)
  ✓   21 [chromium-desktop] › tests/e2e/ux-ui.spec.ts:657:3 › desktop UX layout › arsenal panel renders a complete 21-tower grid on desktop (604ms)
  ✓   22 [chromium-desktop] › tests/e2e/ux-ui.spec.ts:667:3 › desktop UX layout › keyboard can place a tower and reach its upgrade action (792ms)
  ✓   23 [chromium-desktop] › tests/e2e/ux-ui.spec.ts:695:3 › desktop UX layout › Veteran Deploy toggle is gated by a campaign victory (1.2s)
  ✓   24 [chromium-desktop] › tests/e2e/ux-ui.spec.ts:712:3 › desktop UX layout › Veteran Deploy spends exact projected credits and replays the upgrades (1.2s)
  ✓   25 [chromium-desktop] › tests/e2e/ux-ui.spec.ts:820:3 › desktop UX layout › arsenal panel stays complete in short-landscape layout (613ms)
  ✓   26 [chromium-desktop] › tests/e2e/ux-ui.spec.ts:832:3 › desktop UX layout › owned signal palette equip is silent (790ms)
  ✓   27 [chromium-desktop] › tests/e2e/ux-ui.spec.ts:850:5 › desktop UX layout › signal palette purchase confirms a server grant (753ms)
  ✓   28 [chromium-desktop] › tests/e2e/ux-ui.spec.ts:850:5 › desktop UX layout › signal palette purchase preserves ownership after server rejection (638ms)
  ✓   29 [chromium-desktop] › tests/e2e/ux-ui.spec.ts:889:3 › desktop UX layout › unaffordable signal palette keeps its salvage guidance (483ms)
  ✓   30 [chromium-desktop] › tests/e2e/ux-ui.spec.ts:904:3 › desktop UX layout › briefing overlays hide in-game utility widgets, then restore a clean sidebar dock (645ms)
  ✓   31 [chromium-desktop] › tests/e2e/ux-ui.spec.ts:935:3 › desktop UX layout › space inside Warden AI input types text instead of toggling game shortcuts (736ms)
  ✓   32 [chromium-desktop] › tests/e2e/ux-ui.spec.ts:953:3 › adaptation package UX › Bestiary shows Mirror Hull intel and counterplay (639ms)
  ✓   33 [chromium-desktop] › tests/e2e/ux-ui.spec.ts:973:3 › adaptation package UX › ability bar shows Recalibrate locked and unlocked states (828ms)
  ✓   34 [chromium-desktop] › tests/e2e/ux-ui.spec.ts:995:3 › feedback privacy flow › stores private receipts and renders callable replies without public feedback reads (1.0s)
  ✓   35 [chromium-desktop] › tests/e2e/ux-ui.spec.ts:1067:3 › run telemetry model › serializes a public replay bundle separately from private analytics (602ms)
  ✓   36 [chromium-desktop] › tests/e2e/ux-ui.spec.ts:1175:3 › run telemetry model › firestore rules allow schema migration and append-only checkpoints (3ms)
  ✓   37 [chromium-desktop] › tests/e2e/ux-ui.spec.ts:1189:3 › run telemetry model › records representative friction, assistance, and leaderboard counters (658ms)
  ✓   38 [chromium-desktop] › tests/e2e/ux-ui.spec.ts:1247:3 › run telemetry model › forced elite renders on canvas and dies through engine damage (621ms)
  ✓   39 [chromium-desktop] › tests/e2e/ux-ui.spec.ts:1297:3 › run telemetry model › records freeplay contracts, relics, risk offers, and checkpoint gates (607ms)
  ✓   40 [chromium-desktop] › tests/e2e/ux-ui.spec.ts:1364:3 › run telemetry model › daily challenge starts as a wave-one daily protocol (855ms)
  ✓   41 [chromium-desktop] › tests/e2e/ux-ui.spec.ts:1426:3 › run telemetry model › weekly ops are discoverable and gauntlet absence is stable (1.4s)
  ✓   42 [chromium-desktop] › tests/e2e/ux-ui.spec.ts:1450:3 › run telemetry model › weekly mutation starts as a wave-one weekly protocol (730ms)
8:34:44 PM [vite] (client) [console.warn] Anonymous sign-in failed FirebaseError: Firebase: Error (auth/network-request-failed).
    at createErrorInternal (http://127.0.0.1:41475/node_modules/.vite/deps/firebase_auth.js?v=ed4bbd92:434:35)
    at _fail (http://127.0.0.1:41475/node_modules/.vite/deps/firebase_auth.js?v=ed4bbd92:408:8)
    at _performFetchWithErrorHandling (http://127.0.0.1:41475/node_modules/.vite/deps/firebase_auth.js?v=ed4bbd92:762:3)
    at async _performSignInRequest (http://127.0.0.1:41475/node_modules/.vite/deps/firebase_auth.js?v=ed4bbd92:766:25)
    at async signInAnonymously (http://127.0.0.1:41475/node_modules/.vite/deps/firebase_auth.js?v=ed4bbd92:4544:19)
    at async http://127.0.0.1:41475/src/game/anonAuth.ts:76:43
  ✓   43 [chromium-desktop] › tests/e2e/ux-ui.spec.ts:1480:3 › run telemetry model › gauntlet protocol card deploys and advances from leg one draft to leg two at desktop and mobile widths (2.0s)
  ✓   44 [chromium-desktop] › tests/e2e/ux-ui.spec.ts:1526:3 › run telemetry model › daily challenge does not mutate campaign progress (863ms)
  ✓   45 [chromium-desktop] › tests/e2e/ux-ui.spec.ts:1567:3 › run telemetry model › campaign victory records final wave and continued freeplay stats separately (493ms)
  ✓   46 [chromium-desktop] › tests/e2e/ux-ui.spec.ts:1597:3 › replay re-simulation › replays a recorded action stream to the exact final summary (443ms)
  ✓   47 [chromium-desktop] › tests/e2e/ux-ui.spec.ts:1662:3 › browser perf harness › keeps stress counters readable on desktop and mobile perf routes (4.0s)
  ✓   48 [chromium-desktop] › tests/e2e/ux-ui.spec.ts:1715:3 › first-run coach › action-gated funnel: place, launch, upgrade, done (1.0s)
  ✓   49 [chromium-desktop] › tests/e2e/ux-ui.spec.ts:1759:3 › first-run coach › skip guide dismisses the coach and persists (862ms)
  -   50 [chromium-desktop] › tests/e2e/ux-ui.spec.ts:1774:3 › mobile UX layout › menu header wraps without scrollbars and keeps utility icons readable on Pixel portrait
  -   51 [chromium-desktop] › tests/e2e/ux-ui.spec.ts:1785:3 › mobile UX layout › sector atlas pans internally on portrait mobile without page overflow
  -   52 [chromium-desktop] › tests/e2e/ux-ui.spec.ts:1823:3 › mobile UX layout › arsenal panel renders a complete 21-tower grid on mobile
  -   53 [chromium-desktop] › tests/e2e/ux-ui.spec.ts:1833:3 › mobile UX layout › game utility dock remains aligned on small screens
  -   54 [chromium-desktop] › tests/e2e/ux-ui.spec.ts:1844:3 › mobile UX layout › portrait game view shows rotate guidance without blocking touch placement preview
(node:50556) Warning: The 'NO_COLOR' env is ignored due to the 'FORCE_COLOR' env being set.
(Use `node --trace-warnings ...` to show where the warning was created)
  ✓   55 [chromium-mobile] › tests/e2e/demo-mode-audit.spec.ts:328:3 › recruiter demo-mode audit › walks the full recruiter journey with no demo gates or broken UI (9.0s)
  ✓   56 [chromium-mobile] › tests/e2e/menu-recommended-pill.spec.ts:42:3 › first-time RECOMMENDED protocol pill › pill sits on its own row and never collides with the protocol name (852ms)
  -   57 [chromium-mobile] › tests/e2e/production-build.spec.ts:19:3 › production bundle › emits a build tag and shows no stale toast on a fresh bundle
  -   58 [chromium-mobile] › tests/e2e/production-build.spec.ts:41:3 › production bundle › boots the built app and registers the service worker
  -   59 [chromium-mobile] › tests/e2e/production-build.spec.ts:52:3 › production bundle › ?run= deep links navigate through the service worker without network errors
  ✓   60 [chromium-mobile] › tests/e2e/qa-regression.spec.ts:347:3 › QA regression real-flow audit › submits a real v7 run bundle and opens the frame-accurate replay viewer (3.8s)
  ✓   61 [chromium-mobile] › tests/e2e/qa-regression.spec.ts:444:3 › QA regression real-flow audit › debrief retry and menu actions recover from terminal runs (1.4s)
  ✓   62 [chromium-mobile] › tests/e2e/qa-regression.spec.ts:479:3 › QA regression real-flow audit › Replay-of-the-Day handles a dead pinned replay without blanking the menu (2.7s)
  ✓   63 [chromium-mobile] › tests/e2e/qa-regression.spec.ts:508:3 › QA regression real-flow audit › submits a weekly mutation run through mocked callables (1.8s)
8:35:14 PM [vite] (client) [console.warn] [2026-09-05T01:35:14.141Z]  @firebase/firestore: Firestore (12.15.0): WebChannelConnection RPC 'Listen' stream 0x548812a2 transport errored. Name: undefined Message: undefined
8:35:14 PM [vite] (client) [console.error] [2026-09-05T01:35:14.142Z]  @firebase/firestore: Firestore (12.15.0): Could not reach Cloud Firestore backend. Connection failed 1 times. Most recent error: FirebaseError: [code=unavailable]: The operation could not be completed
This typically indicates that your device does not have a healthy Internet connection at the moment. The client will operate in offline mode until it is able to successfully connect to the backend.
8:35:14 PM [vite] (client) [console.warn] [2026-09-05T01:35:14.652Z]  @firebase/firestore: Firestore (12.15.0): WebChannelConnection RPC 'Listen' stream 0x5d59ebde transport errored. Name: undefined Message: undefined
8:35:14 PM [vite] (client) [console.error] [2026-09-05T01:35:14.652Z]  @firebase/firestore: Firestore (12.15.0): Could not reach Cloud Firestore backend. Connection failed 1 times. Most recent error: FirebaseError: [code=unavailable]: The operation could not be completed
This typically indicates that your device does not have a healthy Internet connection at the moment. The client will operate in offline mode until it is able to successfully connect to the backend.
8:35:14 PM [vite] (client) [console.warn] [2026-09-05T01:35:14.673Z]  @firebase/firestore: Firestore (12.15.0): WebChannelConnection RPC 'Listen' stream 0x5d59ebdf transport errored. Name: undefined Message: undefined
8:35:15 PM [vite] (client) [console.warn] [2026-09-05T01:35:15.443Z]  @firebase/firestore: Firestore (12.15.0): WebChannelConnection RPC 'Listen' stream 0x5d59ebe0 transport errored. Name: undefined Message: undefined
8:35:16 PM [vite] (client) [console.warn] [2026-09-05T01:35:16.619Z]  @firebase/firestore: Firestore (12.15.0): WebChannelConnection RPC 'Listen' stream 0x4c9da53a transport errored. Name: undefined Message: undefined
8:35:16 PM [vite] (client) [console.error] [2026-09-05T01:35:16.619Z]  @firebase/firestore: Firestore (12.15.0): Could not reach Cloud Firestore backend. Connection failed 1 times. Most recent error: FirebaseError: [code=unavailable]: The operation could not be completed
This typically indicates that your device does not have a healthy Internet connection at the moment. The client will operate in offline mode until it is able to successfully connect to the backend.
8:35:16 PM [vite] (client) [console.warn] [2026-09-05T01:35:16.637Z]  @firebase/firestore: Firestore (12.15.0): WebChannelConnection RPC 'Listen' stream 0x4c9da53b transport errored. Name: undefined Message: undefined
8:35:17 PM [vite] (client) [console.warn] [2026-09-05T01:35:17.390Z]  @firebase/firestore: Firestore (12.15.0): WebChannelConnection RPC 'Listen' stream 0x690e0e3d transport errored. Name: undefined Message: undefined
8:35:17 PM [vite] (client) [console.error] [2026-09-05T01:35:17.390Z]  @firebase/firestore: Firestore (12.15.0): Could not reach Cloud Firestore backend. Connection failed 1 times. Most recent error: FirebaseError: [code=unavailable]: The operation could not be completed
This typically indicates that your device does not have a healthy Internet connection at the moment. The client will operate in offline mode until it is able to successfully connect to the backend.
8:35:17 PM [vite] (client) [console.warn] [2026-09-05T01:35:17.410Z]  @firebase/firestore: Firestore (12.15.0): WebChannelConnection RPC 'Listen' stream 0x690e0e3e transport errored. Name: undefined Message: undefined
8:35:18 PM [vite] (client) [console.warn] [2026-09-05T01:35:18.338Z]  @firebase/firestore: Firestore (12.15.0): WebChannelConnection RPC 'Listen' stream 0x2200f526 transport errored. Name: undefined Message: undefined
8:35:18 PM [vite] (client) [console.error] [2026-09-05T01:35:18.339Z]  @firebase/firestore: Firestore (12.15.0): Could not reach Cloud Firestore backend. Connection failed 1 times. Most recent error: FirebaseError: [code=unavailable]: The operation could not be completed
This typically indicates that your device does not have a healthy Internet connection at the moment. The client will operate in offline mode until it is able to successfully connect to the backend.
8:35:18 PM [vite] (client) [console.warn] [2026-09-05T01:35:18.357Z]  @firebase/firestore: Firestore (12.15.0): WebChannelConnection RPC 'Listen' stream 0x2200f527 transport errored. Name: undefined Message: undefined
8:35:20 PM [vite] (client) [console.warn] [2026-09-05T01:35:20.143Z]  @firebase/firestore: Firestore (12.15.0): WebChannelConnection RPC 'Listen' stream 0x854e173f transport errored. Name: undefined Message: undefined
8:35:20 PM [vite] (client) [console.error] [2026-09-05T01:35:20.144Z]  @firebase/firestore: Firestore (12.15.0): Could not reach Cloud Firestore backend. Connection failed 1 times. Most recent error: FirebaseError: [code=unavailable]: The operation could not be completed
This typically indicates that your device does not have a healthy Internet connection at the moment. The client will operate in offline mode until it is able to successfully connect to the backend.
8:35:20 PM [vite] (client) [console.warn] [2026-09-05T01:35:20.158Z]  @firebase/firestore: Firestore (12.15.0): WebChannelConnection RPC 'Listen' stream 0x854e1740 transport errored. Name: undefined Message: undefined
8:35:23 PM [vite] (client) [console.warn] [2026-09-05T01:35:23.044Z]  @firebase/firestore: Firestore (12.15.0): WebChannelConnection RPC 'Listen' stream 0x3ba172d3 transport errored. Name: undefined Message: undefined
8:35:23 PM [vite] (client) [console.error] [2026-09-05T01:35:23.045Z]  @firebase/firestore: Firestore (12.15.0): Could not reach Cloud Firestore backend. Connection failed 1 times. Most recent error: FirebaseError: [code=unavailable]: The operation could not be completed
This typically indicates that your device does not have a healthy Internet connection at the moment. The client will operate in offline mode until it is able to successfully connect to the backend.
8:35:24 PM [vite] (client) [console.warn] [2026-09-05T01:35:24.223Z]  @firebase/firestore: Firestore (12.15.0): WebChannelConnection RPC 'Listen' stream 0x1a670259 transport errored. Name: undefined Message: undefined
8:35:24 PM [vite] (client) [console.error] [2026-09-05T01:35:24.224Z]  @firebase/firestore: Firestore (12.15.0): Could not reach Cloud Firestore backend. Connection failed 1 times. Most recent error: FirebaseError: [code=unavailable]: The operation could not be completed
This typically indicates that your device does not have a healthy Internet connection at the moment. The client will operate in offline mode until it is able to successfully connect to the backend.
8:35:25 PM [vite] (client) [console.warn] [2026-09-05T01:35:25.462Z]  @firebase/firestore: Firestore (12.15.0): WebChannelConnection RPC 'Listen' stream 0x4572ad10 transport errored. Name: undefined Message: undefined
8:35:25 PM [vite] (client) [console.error] [2026-09-05T01:35:25.462Z]  @firebase/firestore: Firestore (12.15.0): Could not reach Cloud Firestore backend. Connection failed 1 times. Most recent error: FirebaseError: [code=unavailable]: The operation could not be completed
This typically indicates that your device does not have a healthy Internet connection at the moment. The client will operate in offline mode until it is able to successfully connect to the backend.
8:35:25 PM [vite] (client) [console.warn] [2026-09-05T01:35:25.478Z]  @firebase/firestore: Firestore (12.15.0): WebChannelConnection RPC 'Listen' stream 0x4572ad11 transport errored. Name: undefined Message: undefined
8:35:27 PM [vite] (client) [console.warn] [2026-09-05T01:35:27.630Z]  @firebase/firestore: Firestore (12.15.0): WebChannelConnection RPC 'Listen' stream 0x20021cda transport errored. Name: undefined Message: undefined
8:35:27 PM [vite] (client) [console.error] [2026-09-05T01:35:27.630Z]  @firebase/firestore: Firestore (12.15.0): Could not reach Cloud Firestore backend. Connection failed 1 times. Most recent error: FirebaseError: [code=unavailable]: The operation could not be completed
This typically indicates that your device does not have a healthy Internet connection at the moment. The client will operate in offline mode until it is able to successfully connect to the backend.
8:35:27 PM [vite] (client) [console.warn] [2026-09-05T01:35:27.647Z]  @firebase/firestore: Firestore (12.15.0): WebChannelConnection RPC 'Listen' stream 0x20021cdb transport errored. Name: undefined Message: undefined
8:35:29 PM [vite] (client) [console.warn] [2026-09-05T01:35:29.183Z]  @firebase/firestore: Firestore (12.15.0): WebChannelConnection RPC 'Listen' stream 0x70c27c14 transport errored. Name: undefined Message: undefined
8:35:29 PM [vite] (client) [console.error] [2026-09-05T01:35:29.183Z]  @firebase/firestore: Firestore (12.15.0): Could not reach Cloud Firestore backend. Connection failed 1 times. Most recent error: FirebaseError: [code=unavailable]: The operation could not be completed
This typically indicates that your device does not have a healthy Internet connection at the moment. The client will operate in offline mode until it is able to successfully connect to the backend.
8:35:29 PM [vite] (client) [console.warn] [2026-09-05T01:35:29.415Z]  @firebase/firestore: Firestore (12.15.0): WebChannelConnection RPC 'Listen' stream 0x70c27c15 transport errored. Name: undefined Message: undefined
8:35:29 PM [vite] (client) [console.warn] Run replay fetch failed FirebaseError: Failed to get document because the client is offline.
8:35:29 PM [vite] (client) [console.warn] Run replay fetch failed FirebaseError: Failed to get document because the client is offline.
  ✓   64 [chromium-mobile] › tests/e2e/qa-screens.spec.ts:206:3 › QA audit screen screenshots › captures the automated screen inventory into test-results/qa (16.5s)
  -   65 [chromium-mobile] › tests/e2e/qa-screens.spec.ts:345:3 › QA audit screen screenshots › captures the required short-landscape game layout into test-results/qa
8:35:30 PM [vite] (client) [console.warn] [2026-09-05T01:35:30.766Z]  @firebase/firestore: Firestore (12.15.0): WebChannelConnection RPC 'Listen' stream 0x4ad3c7be transport errored. Name: undefined Message: undefined
8:35:30 PM [vite] (client) [console.error] [2026-09-05T01:35:30.767Z]  @firebase/firestore: Firestore (12.15.0): Could not reach Cloud Firestore backend. Connection failed 1 times. Most recent error: FirebaseError: [code=unavailable]: The operation could not be completed
This typically indicates that your device does not have a healthy Internet connection at the moment. The client will operate in offline mode until it is able to successfully connect to the backend.
8:35:30 PM [vite] (client) [console.warn] [2026-09-05T01:35:30.805Z]  @firebase/firestore: Firestore (12.15.0): WebChannelConnection RPC 'Listen' stream 0x4ad3c7bf transport errored. Name: undefined Message: undefined
  ✓   66 [chromium-mobile] › tests/e2e/qa-screens.spec.ts:363:3 › QA audit screen screenshots › captures menu polish viewports into test-results/qa (2.0s)
8:35:32 PM [vite] (client) [console.warn] [2026-09-05T01:35:32.870Z]  @firebase/firestore: Firestore (12.15.0): WebChannelConnection RPC 'Listen' stream 0x8b17b6cc transport errored. Name: undefined Message: undefined
8:35:32 PM [vite] (client) [console.error] [2026-09-05T01:35:32.872Z]  @firebase/firestore: Firestore (12.15.0): Could not reach Cloud Firestore backend. Connection failed 1 times. Most recent error: FirebaseError: [code=unavailable]: The operation could not be completed
This typically indicates that your device does not have a healthy Internet connection at the moment. The client will operate in offline mode until it is able to successfully connect to the backend.
8:35:32 PM [vite] (client) [console.warn] [2026-09-05T01:35:32.923Z]  @firebase/firestore: Firestore (12.15.0): WebChannelConnection RPC 'Listen' stream 0x8b17b6cd transport errored. Name: undefined Message: undefined
8:35:38 PM [vite] (client) [console.warn] [2026-09-05T01:35:38.091Z]  @firebase/firestore: Firestore (12.15.0): WebChannelConnection RPC 'Listen' stream 0x8b17b6ce transport errored. Name: undefined Message: undefined
8:35:38 PM [vite] (client) [console.warn] [2026-09-05T01:35:38.923Z]  @firebase/firestore: Firestore (12.15.0): WebChannelConnection RPC 'Listen' stream 0x8b17b6cf transport errored. Name: undefined Message: undefined
  ✓   67 [chromium-mobile] › tests/e2e/ui-stability.spec.ts:174:3 › UI stability guardrails › keeps menu, claim, equip, feedback, and leaderboard transitions stable (7.8s)
8:35:40 PM [vite] (client) [console.warn] [2026-09-05T01:35:40.628Z]  @firebase/firestore: Firestore (12.15.0): WebChannelConnection RPC 'Listen' stream 0x4ab652d2 transport errored. Name: undefined Message: undefined
8:35:40 PM [vite] (client) [console.error] [2026-09-05T01:35:40.629Z]  @firebase/firestore: Firestore (12.15.0): Could not reach Cloud Firestore backend. Connection failed 1 times. Most recent error: FirebaseError: [code=unavailable]: The operation could not be completed
This typically indicates that your device does not have a healthy Internet connection at the moment. The client will operate in offline mode until it is able to successfully connect to the backend.
8:35:40 PM [vite] (client) [console.warn] [2026-09-05T01:35:40.648Z]  @firebase/firestore: Firestore (12.15.0): WebChannelConnection RPC 'Listen' stream 0x4ab652d3 transport errored. Name: undefined Message: undefined
  ✓   68 [chromium-mobile] › tests/e2e/ui-stability.spec.ts:267:3 › UI stability guardrails › keeps in-run advisory and build overlays from moving the command layout (2.0s)
  ✓   69 [chromium-mobile] › tests/e2e/ux-ui.spec.ts:508:3 › admin analytics model › catalog covers every private analytics domain (3ms)
  ✓   70 [chromium-mobile] › tests/e2e/ux-ui.spec.ts:515:3 › admin analytics model › filters, aggregates, records, insights, and csv exports are stable (5ms)
  -   71 [chromium-mobile] › tests/e2e/ux-ui.spec.ts:562:3 › desktop UX layout › menu header wraps without scrollbars and keeps utility icons readable at desktop widths
  -   72 [chromium-mobile] › tests/e2e/ux-ui.spec.ts:577:3 › desktop UX layout › sector atlas keeps reachable nodes, dock, and utility buttons stable
  -   73 [chromium-mobile] › tests/e2e/ux-ui.spec.ts:611:3 › desktop UX layout › sector atlas selection, keyboard path, weekly beacon, locks, and deploy launch work
  -   74 [chromium-mobile] › tests/e2e/ux-ui.spec.ts:646:3 › desktop UX layout › locked atlas node shows unlock copy and does not select
  -   75 [chromium-mobile] › tests/e2e/ux-ui.spec.ts:657:3 › desktop UX layout › arsenal panel renders a complete 21-tower grid on desktop
  -   76 [chromium-mobile] › tests/e2e/ux-ui.spec.ts:667:3 › desktop UX layout › keyboard can place a tower and reach its upgrade action
  -   77 [chromium-mobile] › tests/e2e/ux-ui.spec.ts:695:3 › desktop UX layout › Veteran Deploy toggle is gated by a campaign victory
  -   78 [chromium-mobile] › tests/e2e/ux-ui.spec.ts:712:3 › desktop UX layout › Veteran Deploy spends exact projected credits and replays the upgrades
  -   79 [chromium-mobile] › tests/e2e/ux-ui.spec.ts:820:3 › desktop UX layout › arsenal panel stays complete in short-landscape layout
  -   80 [chromium-mobile] › tests/e2e/ux-ui.spec.ts:832:3 › desktop UX layout › owned signal palette equip is silent
  -   81 [chromium-mobile] › tests/e2e/ux-ui.spec.ts:850:5 › desktop UX layout › signal palette purchase confirms a server grant
  -   82 [chromium-mobile] › tests/e2e/ux-ui.spec.ts:850:5 › desktop UX layout › signal palette purchase preserves ownership after server rejection
  -   83 [chromium-mobile] › tests/e2e/ux-ui.spec.ts:889:3 › desktop UX layout › unaffordable signal palette keeps its salvage guidance
  -   84 [chromium-mobile] › tests/e2e/ux-ui.spec.ts:904:3 › desktop UX layout › briefing overlays hide in-game utility widgets, then restore a clean sidebar dock
  -   85 [chromium-mobile] › tests/e2e/ux-ui.spec.ts:935:3 › desktop UX layout › space inside Warden AI input types text instead of toggling game shortcuts
  ✓   86 [chromium-mobile] › tests/e2e/ux-ui.spec.ts:953:3 › adaptation package UX › Bestiary shows Mirror Hull intel and counterplay (1.5s)
  ✓   87 [chromium-mobile] › tests/e2e/ux-ui.spec.ts:973:3 › adaptation package UX › ability bar shows Recalibrate locked and unlocked states (1.1s)
  ✓   88 [chromium-mobile] › tests/e2e/ux-ui.spec.ts:995:3 › feedback privacy flow › stores private receipts and renders callable replies without public feedback reads (1.8s)
  ✓   89 [chromium-mobile] › tests/e2e/ux-ui.spec.ts:1067:3 › run telemetry model › serializes a public replay bundle separately from private analytics (1.0s)
  ✓   90 [chromium-mobile] › tests/e2e/ux-ui.spec.ts:1175:3 › run telemetry model › firestore rules allow schema migration and append-only checkpoints (5ms)
  ✓   91 [chromium-mobile] › tests/e2e/ux-ui.spec.ts:1189:3 › run telemetry model › records representative friction, assistance, and leaderboard counters (1.0s)
  ✓   92 [chromium-mobile] › tests/e2e/ux-ui.spec.ts:1247:3 › run telemetry model › forced elite renders on canvas and dies through engine damage (852ms)
  ✓   93 [chromium-mobile] › tests/e2e/ux-ui.spec.ts:1297:3 › run telemetry model › records freeplay contracts, relics, risk offers, and checkpoint gates (775ms)
  ✓   94 [chromium-mobile] › tests/e2e/ux-ui.spec.ts:1364:3 › run telemetry model › daily challenge starts as a wave-one daily protocol (995ms)
  ✓   95 [chromium-mobile] › tests/e2e/ux-ui.spec.ts:1426:3 › run telemetry model › weekly ops are discoverable and gauntlet absence is stable (2.1s)
  ✓   96 [chromium-mobile] › tests/e2e/ux-ui.spec.ts:1450:3 › run telemetry model › weekly mutation starts as a wave-one weekly protocol (1.3s)
  ✓   97 [chromium-mobile] › tests/e2e/ux-ui.spec.ts:1480:3 › run telemetry model › gauntlet protocol card deploys and advances from leg one draft to leg two at desktop and mobile widths (2.4s)
  ✓   98 [chromium-mobile] › tests/e2e/ux-ui.spec.ts:1526:3 › run telemetry model › daily challenge does not mutate campaign progress (862ms)
  ✓   99 [chromium-mobile] › tests/e2e/ux-ui.spec.ts:1567:3 › run telemetry model › campaign victory records final wave and continued freeplay stats separately (780ms)
  ✓  100 [chromium-mobile] › tests/e2e/ux-ui.spec.ts:1597:3 › replay re-simulation › replays a recorded action stream to the exact final summary (795ms)
  ✓  101 [chromium-mobile] › tests/e2e/ux-ui.spec.ts:1662:3 › browser perf harness › keeps stress counters readable on desktop and mobile perf routes (4.3s)
  ✓  102 [chromium-mobile] › tests/e2e/ux-ui.spec.ts:1715:3 › first-run coach › action-gated funnel: place, launch, upgrade, done (1.1s)
  ✓  103 [chromium-mobile] › tests/e2e/ux-ui.spec.ts:1759:3 › first-run coach › skip guide dismisses the coach and persists (873ms)
  ✓  104 [chromium-mobile] › tests/e2e/ux-ui.spec.ts:1774:3 › mobile UX layout › menu header wraps without scrollbars and keeps utility icons readable on Pixel portrait (854ms)
  ✓  105 [chromium-mobile] › tests/e2e/ux-ui.spec.ts:1785:3 › mobile UX layout › sector atlas pans internally on portrait mobile without page overflow (846ms)
  ✓  106 [chromium-mobile] › tests/e2e/ux-ui.spec.ts:1823:3 › mobile UX layout › arsenal panel renders a complete 21-tower grid on mobile (1.0s)
  ✓  107 [chromium-mobile] › tests/e2e/ux-ui.spec.ts:1833:3 › mobile UX layout › game utility dock remains aligned on small screens (1.9s)
  ✓  108 [chromium-mobile] › tests/e2e/ux-ui.spec.ts:1844:3 › mobile UX layout › portrait game view shows rotate guidance without blocking touch placement preview (1.1s)

  27 skipped
  81 passed (2.5m)
